// Jest Snapshot v1, https://goo.gl/fbAQLP

exports[`Input demo render Input/demos//Users/apple/Desktop/Concis/packages/concis-react/src/Input/demos/index2.tsx correctly 1`] = `
LoadedCheerio {
  "0": Document {
    "children": Array [],
    "endIndex": null,
    "next": null,
    "parent": null,
    "prev": null,
    "startIndex": null,
    "type": "root",
  },
  "_root": LoadedCheerio {
    "0": Document {
      "children": Array [],
      "endIndex": null,
      "next": null,
      "parent": null,
      "prev": null,
      "startIndex": null,
      "type": "root",
    },
    "_root": [Circular],
    "length": 1,
    "options": Object {
      "decodeEntities": true,
      "xml": false,
    },
  },
  "length": 1,
  "options": Object {
    "decodeEntities": true,
    "xml": false,
  },
}
`;

exports[`Input demo render Input/demos//Users/apple/Desktop/Concis/packages/concis-react/src/Input/demos/index3.tsx correctly 1`] = `
LoadedCheerio {
  "0": Document {
    "children": Array [],
    "endIndex": null,
    "next": null,
    "parent": null,
    "prev": null,
    "startIndex": null,
    "type": "root",
  },
  "_root": LoadedCheerio {
    "0": Document {
      "children": Array [],
      "endIndex": null,
      "next": null,
      "parent": null,
      "prev": null,
      "startIndex": null,
      "type": "root",
    },
    "_root": [Circular],
    "length": 1,
    "options": Object {
      "decodeEntities": true,
      "xml": false,
    },
  },
  "length": 1,
  "options": Object {
    "decodeEntities": true,
    "xml": false,
  },
}
`;

exports[`Input demo render Input/demos//Users/apple/Desktop/Concis/packages/concis-react/src/Input/demos/index4.tsx correctly 1`] = `
LoadedCheerio {
  "0": Document {
    "children": Array [],
    "endIndex": null,
    "next": null,
    "parent": null,
    "prev": null,
    "startIndex": null,
    "type": "root",
  },
  "_root": LoadedCheerio {
    "0": Document {
      "children": Array [],
      "endIndex": null,
      "next": null,
      "parent": null,
      "prev": null,
      "startIndex": null,
      "type": "root",
    },
    "_root": [Circular],
    "length": 1,
    "options": Object {
      "decodeEntities": true,
      "xml": false,
    },
  },
  "length": 1,
  "options": Object {
    "decodeEntities": true,
    "xml": false,
  },
}
`;

exports[`Input demo render Input/demos//Users/apple/Desktop/Concis/packages/concis-react/src/Input/demos/index5.tsx correctly 1`] = `
LoadedCheerio {
  "0": Document {
    "children": Array [],
    "endIndex": null,
    "next": null,
    "parent": null,
    "prev": null,
    "startIndex": null,
    "type": "root",
  },
  "_root": LoadedCheerio {
    "0": Document {
      "children": Array [],
      "endIndex": null,
      "next": null,
      "parent": null,
      "prev": null,
      "startIndex": null,
      "type": "root",
    },
    "_root": [Circular],
    "length": 1,
    "options": Object {
      "decodeEntities": true,
      "xml": false,
    },
  },
  "length": 1,
  "options": Object {
    "decodeEntities": true,
    "xml": false,
  },
}
`;

exports[`Input demo render Input/demos//Users/apple/Desktop/Concis/packages/concis-react/src/Input/demos/index6.tsx correctly 1`] = `
LoadedCheerio {
  "0": Document {
    "children": Array [],
    "endIndex": null,
    "next": null,
    "parent": null,
    "prev": null,
    "startIndex": null,
    "type": "root",
  },
  "_root": LoadedCheerio {
    "0": Document {
      "children": Array [],
      "endIndex": null,
      "next": null,
      "parent": null,
      "prev": null,
      "startIndex": null,
      "type": "root",
    },
    "_root": [Circular],
    "length": 1,
    "options": Object {
      "decodeEntities": true,
      "xml": false,
    },
  },
  "length": 1,
  "options": Object {
    "decodeEntities": true,
    "xml": false,
  },
}
`;

exports[`Input demo render Input/demos//Users/apple/Desktop/Concis/packages/concis-react/src/Input/demos/index7.tsx correctly 1`] = `
LoadedCheerio {
  "0": Document {
    "children": Array [],
    "endIndex": null,
    "next": null,
    "parent": null,
    "prev": null,
    "startIndex": null,
    "type": "root",
  },
  "_root": LoadedCheerio {
    "0": Document {
      "children": Array [],
      "endIndex": null,
      "next": null,
      "parent": null,
      "prev": null,
      "startIndex": null,
      "type": "root",
    },
    "_root": [Circular],
    "length": 1,
    "options": Object {
      "decodeEntities": true,
      "xml": false,
    },
  },
  "length": 1,
  "options": Object {
    "decodeEntities": true,
    "xml": false,
  },
}
`;

exports[`Input demo render Input/demos//Users/apple/Desktop/Concis/packages/concis-react/src/Input/demos/index8.tsx correctly 1`] = `
LoadedCheerio {
  "0": Document {
    "children": Array [],
    "endIndex": null,
    "next": null,
    "parent": null,
    "prev": null,
    "startIndex": null,
    "type": "root",
  },
  "_root": LoadedCheerio {
    "0": Document {
      "children": Array [],
      "endIndex": null,
      "next": null,
      "parent": null,
      "prev": null,
      "startIndex": null,
      "type": "root",
    },
    "_root": [Circular],
    "length": 1,
    "options": Object {
      "decodeEntities": true,
      "xml": false,
    },
  },
  "length": 1,
  "options": Object {
    "decodeEntities": true,
    "xml": false,
  },
}
`;
